7 spec files, 16 examples, 2 counterexamples
73 assertions, 1 error, 19 failures

